src/components/AuthGuard.tsx(4,10): error TS6133: 'Box' is declared but its value is never read.
src/components/board/BoardCard.tsx(1,1): error TS6133: 'useState' is declared but its value is never read.
src/components/board/BoardCard.tsx(2,34): error TS6133: 'Tooltip' is declared but its value is never read.
src/components/board/CardDetailModal.tsx(4,76): error TS6133: 'Badge' is declared but its value is never read.
src/components/layout/Sidebar.tsx(165,41): error TS17001: JSX elements cannot have multiple attributes with the same name.
src/components/layout/TopBar.tsx(1,1): error TS6192: All imports in import declaration are unused.
src/components/layout/TopBar.tsx(5,5): error TS6133: 'IconButton' is declared but its value is never read.
src/components/layout/TopBar.tsx(5,31): error TS6133: 'useColorModeValue' is declared but its value is never read.
src/pages/BoardDetailPage.tsx(309,74): error TS2345: Argument of type 'CardData' is not assignable to parameter of type 'SetStateAction<CardData | null>'.
  Type 'CardData' is missing the following properties from type 'CardData': column_id, position, updated_at
src/pages/LoginPage.tsx(4,99): error TS6133: 'InputGroup' is declared but its value is never read.
